// Jest Snapshot v1, https://goo.gl/fbAQLP

exports[`renders Category component with dropdown buttons 1`] = `
<DocumentFragment>
  <table>
    <thead
      class="bg-gray-400 text-gray-800 border-b border-gray-300"
    >
      <tr
        class="flex items-center justify-between pl-6 pr-8 py-3"
      >
        <th
          class="text-left font-semibold text-sm sm:text-base px-4 py-2"
        >
          <select
            class="inline-flex justify-center rounded-md w-full px-2 py-1 text-sm font-medium text-gray-700 cursor-pointer focus:outline-none max-w-40 undefined"
            name="userRole"
          >
            <option
              value="1"
            >
              Email
            </option>
          </select>
        </th>
        <th
          class="text-left font-semibold text-sm sm:text-base px-4 py-2"
        >
          <select
            class="inline-flex justify-center rounded-md w-full px-2 py-1 text-sm font-medium text-gray-700 cursor-pointer focus:outline-none max-w-40 undefined"
            name="userRole"
          >
            <option
              value="2"
            >
              Full Name
            </option>
            <option
              value="asc"
            >
              Full Name: Asc
            </option>
            <option
              value="desc"
            >
              Full Name: Desc
            </option>
          </select>
        </th>
        <th
          class="text-left font-semibold text-sm sm:text-base px-4 py-2"
        >
          <select
            class="inline-flex justify-center rounded-md w-full px-2 py-1 text-sm font-medium text-gray-700 cursor-pointer focus:outline-none max-w-40 undefined"
            name="userRole"
          >
            <option
              value="3"
            >
              Role
            </option>
            <option
              value="1"
            >
              Admin
            </option>
            <option
              value="2"
            >
              User
            </option>
            <option
              value="3"
            >
              Guest
            </option>
          </select>
        </th>
        <th
          class="text-left font-semibold text-sm sm:text-base px-4 py-2"
        >
          <select
            class="inline-flex justify-center rounded-md w-full px-2 py-1 text-sm font-medium text-gray-700 cursor-pointer focus:outline-none max-w-40 undefined"
            name="userRole"
          >
            <option
              value="4"
            >
              Joined
            </option>
            <option
              value="asc"
            >
              Joined: Asc
            </option>
            <option
              value="desc"
            >
              Joined: Desc
            </option>
          </select>
        </th>
        <th
          class="text-left px-4 py-2"
        />
      </tr>
    </thead>
  </table>
</DocumentFragment>
`;
