// Jest Snapshot v1, https://goo.gl/fbAQLP

exports[`Toast component matches the snapshot 1`] = `
<DocumentFragment>
  <div
    class="fixed top-5 right-5 z-50 flex items-center bg-green-500 text-white text-sm font-bold px-4 py-3 rounded-lg"
    role="alert"
  >
    <span
      class="mr-2"
    >
      <svg
        class="w-4 h-4"
        fill="none"
        stroke="currentColor"
        stroke-width="1.5"
        viewBox="0 0 24 24"
        xmlns="http://www.w3.org/2000/svg"
      >
        <path
          d="m4.5 12.75 6 6 9-13.5"
          stroke-linecap="round"
          stroke-linejoin="round"
        />
      </svg>
    </span>
    <span>
      Success message
    </span>
    <button
      aria-label="Close"
      class="ml-4"
    >
      <svg
        class="fill-current h-6 w-6 text-white"
        viewBox="0 0 20 20"
        xmlns="http://www.w3.org/2000/svg"
      >
        <path
          d="M14.348 14.849a1.2 1.2 0 01-1.697 0L10 12.199l-2.651 2.65a1.2 1.2 0 01-1.697-1.697l2.651-2.651-2.65-2.651a1.2 1.2 0 011.697-1.697L10 8.803l2.651-2.65a1.2 1.2 0 011.697 1.697L11.399 10l2.65 2.651a1.2 1.2 0 010 1.698z"
        />
      </svg>
    </button>
  </div>
</DocumentFragment>
`;
